// Jest Snapshot v1, https://goo.gl/fbAQLP

exports[`ToastProgress.vue matches snapshot 1`] = `<div class="toast-progress" style="width: 90%;"></div>`;
